// Jest Snapshot v1, https://goo.gl/fbAQLP

exports[`Home renders homepage unchanged 1`] = `
.c0 {
  max-width: 1280px;
  margin: 0 auto;
  padding: 2rem;
  font-family: -apple-system,BlinkMacSystemFont,"Segoe UI",Roboto,Helvetica,Arial,sans-serif;
}

.c1 {
  font-weight: bold;
  font-size: 3rem;
  color: var(--color-secondary);
  margin-bottom: 1rem;
}

.c3 {
  flex-grow: 1;
  padding: 0.75rem;
  font-size: 1rem;
  border: 1px solid #d1d9e0;
  border-radius: 6px;
  background: #f6f8fa;
  box-shadow: inset 0 1px 0 0 #1f23280a;
  transition: box-shadow 0.3s ease-in-out;
}

.c3:focus {
  outline: none;
  box-shadow: inset 0 0 0 1px #0969da;
}

.c2 {
  display: flex;
  flex-direction: column;
  gap: 10px;
  margin-bottom: 2rem;
}

.c2 >* {
  flex-shrink: 0;
}

.c4 {
  display: flex;
  justify-content: center;
  align-items: center;
  gap: 5px;
}

.c7 {
  margin-top: 2rem;
  text-align: center;
}

.c5 {
  width: 42px;
  height: 25px;
  background-color: #e4e4e7;
  border-radius: 9999px;
  position: relative;
  border: 0;
}

.c5[data-state="checked"] {
  background-color: #1f883d;
}

.c6 {
  display: block;
  width: 21px;
  height: 21px;
  background-color: white;
  border-radius: 9999px;
  transition: transform 100ms;
  transform: translateX(2px);
  will-change: transform;
}

.c6[data-state="checked"] {
  transform: translateX(19px);
}

@media (min-width:786px) {
  .c2 {
    flex-direction: row;
    flex-wrap: nowrap;
    justify-content: center;
    align-items: center;
    margin-bottom: 0;
  }
}

<div>
  <div
    class="c0"
  >
    <h1
      class="c1"
    >
      facebook / react
    </h1>
    <div
      class="c2"
    >
      <input
        aria-label="Search issues"
        class="c3"
        placeholder="Search issues..."
        type="text"
        value=""
      />
      <label
        class="c4"
      >
        Show open issues
        <button
          aria-checked="false"
          class="c5"
          data-state="unchecked"
          role="switch"
          type="button"
          value="on"
        >
          <span
            class="c6"
            data-state="unchecked"
          />
        </button>
      </label>
    </div>
    <p
      class="c7"
    >
      No results ..
    </p>
  </div>
</div>
`;
