// Jest Snapshot v1, https://goo.gl/fbAQLP

exports[`Home renders homepage unchanged 1`] = `
.c0 {
  max-width: 800px;
  margin: 0 auto;
  padding: 2rem;
  font-family: -apple-system,BlinkMacSystemFont,"Segoe UI",Roboto,Helvetica,Arial,sans-serif;
}

.c1 {
  font-weight: bold;
  font-size: 92px;
  color: var(--color-secondary);
  margin-bottom: 1rem;
}

.c2 {
  font-size: 1.1rem;
  margin-bottom: 2rem;
  line-height: 1.5;
}

.c3 {
  width: 100%;
  padding: 0.75rem;
  font-size: 1rem;
  border: 1px solid var(--color-primary);
  border-radius: 4px;
  margin-bottom: 1.5rem;
  box-shadow: 0 2px 4px rgba(0,0,0,0.1);
  transition: box-shadow 0.3s ease-in-out;
}

.c3:focus {
  outline: none;
  box-shadow: 0 0 0 2px var(--color-accent);
}

.c4 {
  display: flex;
  flex-direction: column;
  gap: 1.5rem;
  list-style-type: none;
}

<div>
  <div
    class="c0"
  >
    <h1
      class="c1"
    >
      name of repo
    </h1>
    <p
      class="c2"
    >
      description of the repo
    </p>
    <input
      aria-label="Search issues"
      class="c3"
      placeholder="Search issues..."
      type="text"
      value=""
    />
    <ul
      class="c4"
    />
  </div>
</div>
`;
